0RB0LA_1LC1RD_0RD0LC_1RB1LA    no board: (** ** The closure: NOT BUILT for this row -- sweep: the excursion changes the tape
0RB0LA_1RC1LA_1LD1RB_0RC0LD    no board: (** ** The closure: NOT BUILT for this row -- sweep: the excursion changes the tape
0RB0LB_1LC0RD_1LA0LA_1LB1RB    no board: (** ** The closure: NOT BUILT for this row -- sweep: the excursion changes the tape
0RB0LC_1LA1RC_1RB0LD_0RB1LD    no board: (** ** The closure: NOT BUILT for this row -- sweep: the excursion changes the tape
0RB0LC_1LC1RB_1LD1LA_1RD0RC    no board: (** ** The closure: NOT BUILT for this row -- sweep: the excursion changes the tape
0RB0LD_0RC1LB_1LA1RD_1RC0LB    no board: (** ** The closure: NOT BUILT for this row -- sweep: the excursion changes the tape
0RB0RA_1RC1LD_1LC1RB_0LD0LA    no board: (** ** The closure: NOT BUILT for this row -- sweep: the excursion changes the tape
0RB0RA_1RC1LD_1LD1RB_0LD0LA    no board: (** ** The closure: NOT BUILT for this row -- sweep: the excursion changes the tape
0RB0RC_1RC1LB_1LD1RD_0LB1RA    no board: (** ** The closure: NOT BUILT for this row -- sweep: the excursion changes the tape
0RB1LA_0LC1RD_0RD1LD_1RB0LA    no board: (** ** The closure: NOT BUILT for this row -- sweep: the excursion changes the tape
0RB1LA_0LC1RD_1LD0RB_1RB0LA    no board: (** ** The closure: NOT BUILT for this row -- sweep: the excursion changes the tape
0RB1LA_0LC1RD_1LD1LD_1RB0LA    no board: (** ** The closure: NOT BUILT for this row -- sweep: the excursion changes the tape
0RB1LA_0LC1RD_1RB1LD_1RB0LA    no board: (** ** The closure: NOT BUILT for this row -- sweep: the excursion changes the tape
0RB1LA_1LC1RD_0RA0LD_1RB0LA    no board: (** ** The closure: NOT BUILT for this row -- sweep: the excursion changes the tape
0RB1LA_1LC1RD_0RA1LD_1RB0LA    no board: (** ** The closure: NOT BUILT for this row -- sweep: the excursion changes the tape
0RB1LA_1LC1RD_0RB0LD_1RB0LA    no board: (** ** The closure: NOT BUILT for this row -- sweep: the excursion changes the tape
0RB1LA_1LC1RD_0RB1LD_1RB0LA    no board: (** ** The closure: NOT BUILT for this row -- sweep: the excursion changes the tape
0RB1LA_1LC1RD_1LA1LD_1RB0LA    no board: (** ** The closure: NOT BUILT for this row -- sweep: the excursion changes the tape
0RB1LA_1LC1RD_1RA1LD_1RB0LA    no board: (** ** The closure: NOT BUILT for this row -- sweep: the excursion changes the tape
0RB1LA_1LC1RD_1RB0LD_1RB0LA    no board: (** ** The closure: NOT BUILT for this row -- sweep: the excursion changes the tape
0RB1LA_1LC1RD_1RD1LD_1RB0LA    no board: (** ** The closure: NOT BUILT for this row -- sweep: the excursion changes the tape
0RB1LA_1RC0LA_0RD1RB_1LD0LB    no board: (** ** The closure: NOT BUILT for this row -- sweep: the excursion changes the tape
0RB1LA_1RC0LA_1LA1RD_1LA1RB    no board: (** ** The closure: NOT BUILT for this row -- sweep: the excursion changes the tape
0RB1LA_1RC0LA_1LD1RB_---1LB    no board: (** ** The closure: NOT BUILT for this row -- sweep: the excursion changes the tape
0RB1LB_1RC0LD_0LA1RB_0RC1LD    no board: (** ** The closure: NOT BUILT for this row -- sweep: the excursion changes the tape
0RB1LB_1RC0LD_1LA1RB_0RB1LD    no board: (** ** The closure: NOT BUILT for this row -- sweep: the excursion changes the tape
0RB1LC_0LC1RC_1LA0RD_0LA1RD    no board: (** ** The closure: NOT BUILT for this row -- sweep: the excursion changes the tape
0RB1LC_0RC1LB_1RD0LB_1LA1RC    no board: (** ** The closure: NOT BUILT for this row -- sweep: the excursion changes the tape
0RB1LC_1LA0RC_1LD1RB_1LA0LD    no board: (** ** The closure: NOT BUILT for this row -- sweep: the excursion changes the tape
0RB1LC_1LA1RB_0LD0LA_1RD0RB    no board: (** ** The closure: NOT BUILT for this row -- sweep: the excursion changes the tape
0RB1LC_1LA1RC_1LA0RD_0LA1RD    no board: (** ** The closure: NOT BUILT for this row -- sweep: the excursion changes the tape
0RB1LC_1LA1RC_1RB0LD_0RB1LD    no board: (** ** The closure: NOT BUILT for this row -- sweep: the excursion changes the tape
0RB1LC_1LA1RC_1RB0LD_0RC1LD    no board: (** ** The closure: NOT BUILT for this row -- sweep: the excursion changes the tape
0RB1LC_1RC0LA_1LA0RD_0LA1RD    no board: (** ** The closure: NOT BUILT for this row -- sweep: the excursion changes the tape
0RB1LC_1RC1RC_1LA0RD_0LA1RD    no board: (** ** The closure: NOT BUILT for this row -- sweep: the excursion changes the tape
0RB1LD_0RC1LB_1LA1RD_1RC0LB    no board: (** ** The closure: NOT BUILT for this row -- sweep: the excursion changes the tape
0RB1LD_1LA1RC_1RD1RB_1LB0LA    no board: (** ** The closure: NOT BUILT for this row -- sweep: the excursion changes the tape
0RB1LD_1LC1RB_1RA1LA_0LB0LC    no board: (** ** The closure: NOT BUILT for this row -- sweep: the excursion changes the tape
0RB1LD_1LC1RB_1RA1LA_1LB0LC    no board: (** ** The closure: NOT BUILT for this row -- sweep: the excursion changes the tape
0RB1LD_1LC1RB_1RA1LA_1RB0LC    no board: (** ** The closure: NOT BUILT for this row -- sweep: the excursion changes the tape
0RB1RB_1LC0RD_1RA1LB_0LB1RD    no board: (** ** The closure: NOT BUILT for this row -- sweep: the excursion changes the tape
0RB1RC_0LC1RB_1LD0RB_1RA1LC    no board: (** ** The closure: NOT BUILT for this row -- sweep: the excursion changes the tape
0RB1RC_1LA1RB_0LD0RC_1LD0LA    no board: (** ** The closure: NOT BUILT for this row -- sweep: the excursion changes the tape
1RB0LC_0LA1RC_1RD1LA_1RB0RD    no board: (** ** The closure: NOT BUILT for this row -- sweep: the excursion changes the tape
1RB0LC_1LC0RD_0RA1LB_0LC1RD    no board: (** ** The closure: NOT BUILT for this row -- sweep: the excursion changes the tape
1RB0LD_0LC1RA_0RA1LA_0RB1LD    no board: (** ** The closure: NOT BUILT for this row -- sweep: the excursion changes the tape
1RB0LD_0LC1RA_0RC1LA_0RB1LD    no board: (** ** The closure: NOT BUILT for this row -- sweep: the excursion changes the tape
1RB0LD_0LC1RA_1LA0RB_0RB1LD    no board: (** ** The closure: NOT BUILT for this row -- sweep: the excursion changes the tape
1RB0LD_0LC1RA_1LA1LA_0RB1LD    no board: (** ** The closure: NOT BUILT for this row -- sweep: the excursion changes the tape
1RB0LD_0LC1RA_1RB1LA_0RB1LD    no board: (** ** The closure: NOT BUILT for this row -- sweep: the excursion changes the tape
1RB0LD_0RC1RA_1LC0LA_0RA1LD    no board: (** ** The closure: NOT BUILT for this row -- sweep: the excursion changes the tape
1RB0LD_1LC1RA_---1LA_0RA1LD    no board: (** ** The closure: NOT BUILT for this row -- sweep: the excursion changes the tape
1RB0LD_1LC1RA_0RB1LA_0RB1LD    no board: (** ** The closure: NOT BUILT for this row -- sweep: the excursion changes the tape
1RB0LD_1LC1RA_0RD1LA_0RB1LD    no board: (** ** The closure: NOT BUILT for this row -- sweep: the excursion changes the tape
1RB0LD_1LC1RA_1LD1LA_0RB1LD    no board: (** ** The closure: NOT BUILT for this row -- sweep: the excursion changes the tape
1RB0LD_1LC1RA_1RA1LA_0RB1LD    no board: (** ** The closure: NOT BUILT for this row -- sweep: the excursion changes the tape
1RB0LD_1LC1RA_1RD1LA_0RB1LD    no board: (** ** The closure: NOT BUILT for this row -- sweep: the excursion changes the tape
1RB0LD_1RC0RC_0LA0RA_1RA1LA    no board: (** ** The closure: NOT BUILT for this row -- sweep: the excursion changes the tape
1RB0LD_1RC1RB_0LA0RA_1RA1LA    no board: (** ** The closure: NOT BUILT for this row -- sweep: the excursion changes the tape
1RB0RA_0LC1RD_1RB0LD_1RA1LC    no board: (** ** The closure: NOT BUILT for this row -- sweep: the excursion changes the tape
1RB0RB_0LC0RC_1RA0LD_1RC1LC    no board: (** ** The closure: NOT BUILT for this row -- sweep: the excursion changes the tape
1RB0RC_1RC1LB_1LD1RD_0LB1RA    no board: (** ** The closure: NOT BUILT for this row -- sweep: the excursion changes the tape
1RB0RC_1RC1LD_0LB1RA_1LA1LB    no board: (** ** The closure: NOT BUILT for this row -- sweep: the excursion changes the tape
1RB0RD_1LB1LC_1RC0RA_0LB1RD    no board: (** ** The closure: NOT BUILT for this row -- sweep: the excursion changes the tape
1RB0RD_1LC1RA_0RB0LC_1LD0LA    no board: (** ** The closure: NOT BUILT for this row -- sweep: the excursion changes the tape
1RB1LA_0LA1LC_0RD0LC_1RD0RB    no board: (** ** The closure: NOT BUILT for this row -- sweep: the excursion changes the tape
1RB1LA_0LA1RC_0RD0RB_1LD0LA    no board: (** ** The closure: NOT BUILT for this row -- sweep: the excursion changes the tape
1RB1LA_1LC1RC_0LA1RD_0RA0RB    no board: (** ** The closure: NOT BUILT for this row -- sweep: the excursion changes the tape
1RB1LA_1LC1RC_0LA1RD_1LA0RB    no board: (** ** The closure: NOT BUILT for this row -- sweep: the excursion changes the tape
1RB1LA_1LC1RC_0LA1RD_1RA0RB    no board: (** ** The closure: NOT BUILT for this row -- sweep: the excursion changes the tape
1RB1LA_1RC1RD_1LC0LB_0LA0RB    no board: (** ** The closure: NOT BUILT for this row -- sweep: the excursion changes the tape
1RB1LB_1LC0RD_1RD1LA_0LB1RD    no board: (** ** The closure: NOT BUILT for this row -- sweep: the excursion changes the tape
1RB1LB_1RC0LA_1RD0RD_0LB0RB    no board: (** ** The closure: NOT BUILT for this row -- sweep: the excursion changes the tape
1RB1LB_1RC0LA_1RD1RC_0LB0RB    no board: (** ** The closure: NOT BUILT for this row -- sweep: the excursion changes the tape
1RB1LB_1RC0LD_1LA1RB_0RB1LD    no board: (** ** The closure: NOT BUILT for this row -- sweep: the excursion changes the tape
1RB1LB_1RC0LD_1LA1RB_0RC1LD    no board: (** ** The closure: NOT BUILT for this row -- sweep: the excursion changes the tape
1RB1LC_0LA0RC_1LA0RD_0LA1RD    no board: (** ** The closure: NOT BUILT for this row -- sweep: the excursion changes the tape
1RB1LC_0LA1RC_1LA0RD_0LA1RD    no board: (** ** The closure: NOT BUILT for this row -- sweep: the excursion changes the tape
1RB1LC_0LA1RC_1LA0RD_0LC1RD    no board: (** ** The closure: NOT BUILT for this row -- sweep: the excursion changes the tape
1RB1LC_0LA1RC_1RB0LD_0RB1LD    no board: (** ** The closure: NOT BUILT for this row -- sweep: the excursion changes the tape
1RB1LC_0LA1RD_1LD1LA_1RA0RB    no board: (** ** The closure: NOT BUILT for this row -- sweep: the excursion changes the tape
1RB1LC_0LB1RC_1LA0RD_0LC1RD    no board: (** ** The closure: NOT BUILT for this row -- sweep: the excursion changes the tape
1RB1LC_0LC0RB_1LA1RD_0LA0RD    no board: (** ** The closure: NOT BUILT for this row -- sweep: the excursion changes the tape
1RB1LC_0LC0RB_1LD1LA_1RA1RD    no board: (** ** The closure: NOT BUILT for this row -- sweep: the excursion changes the tape
1RB1LC_0LC1RA_0LD0RB_1RA1LA    no board: (** ** The closure: NOT BUILT for this row -- sweep: the excursion changes the tape
1RB1LC_0LC1RC_1LA0RD_0LC1RD    no board: (** ** The closure: NOT BUILT for this row -- sweep: the excursion changes the tape
1RB1LC_0RC1LB_1RD0LB_1LA1RC    no board: (** ** The closure: NOT BUILT for this row -- sweep: the excursion changes the tape
1RB1LC_0RC1RC_1LA0RD_0LC1RD    no board: (** ** The closure: NOT BUILT for this row -- sweep: the excursion changes the tape
1RB1LC_1LA0RC_1LA0RD_0LA1RD    no board: (** ** The closure: NOT BUILT for this row -- sweep: the excursion changes the tape
1RB1LC_1LA0RD_0RC1LB_0LC1RD    no board: (** ** The closure: NOT BUILT for this row -- sweep: the excursion changes the tape
1RB1LC_1LA1RC_1LA0RD_0LC1RD    no board: (** ** The closure: NOT BUILT for this row -- sweep: the excursion changes the tape
1RB1LC_1LA1RC_1RB0LD_0RC1LD    no board: (** ** The closure: NOT BUILT for this row -- sweep: the excursion changes the tape
1RB1LC_1LB1RA_0LC0LD_0RA0RD    no board: (** ** The closure: NOT BUILT for this row -- sweep: the excursion changes the tape
1RB1LC_1LB1RC_1LA0RD_0LC1RD    no board: (** ** The closure: NOT BUILT for this row -- sweep: the excursion changes the tape
1RB1LC_1LC1RA_0LC0LD_0RA0RD    no board: (** ** The closure: NOT BUILT for this row -- sweep: the excursion changes the tape
1RB1LC_1LC1RC_1LA0RD_0LA1RD    no board: (** ** The closure: NOT BUILT for this row -- sweep: the excursion changes the tape
1RB1LC_1LC1RC_1LA0RD_0LC1RD    no board: (** ** The closure: NOT BUILT for this row -- sweep: the excursion changes the tape
1RB1LC_1RC1RC_1LA0RD_0LC1RD    no board: (** ** The closure: NOT BUILT for this row -- sweep: the excursion changes the tape
1RB1LD_0LC0RD_0LA1RC_1LA0RC    no board: (** ** The closure: NOT BUILT for this row -- sweep: the excursion changes the tape
1RB1LD_0LC1RD_0LA1RC_1LA0RC    no board: (** ** The closure: NOT BUILT for this row -- sweep: the excursion changes the tape
1RB1LD_0LC1RD_0LD1RC_1LA0RC    no board: (** ** The closure: NOT BUILT for this row -- sweep: the excursion changes the tape
1RB1LD_0RC1LB_1LA1RD_1RC0LB    no board: (** ** The closure: NOT BUILT for this row -- sweep: the excursion changes the tape
1RB1LD_0RC1RD_0LD1RC_1LA0RC    no board: (** ** The closure: NOT BUILT for this row -- sweep: the excursion changes the tape
1RB1LD_1LC1RA_0RB0LC_0RA0LD    no board: (** ** The closure: NOT BUILT for this row -- sweep: the excursion changes the tape
1RB1LD_1LC1RD_0LA1RC_1LA0RC    no board: (** ** The closure: NOT BUILT for this row -- sweep: the excursion changes the tape
1RB1LD_1LC1RD_0LD1RC_1LA0RC    no board: (** ** The closure: NOT BUILT for this row -- sweep: the excursion changes the tape
1RB1LD_1RC0RB_0LD1RA_1RC0LA    no board: (** ** The closure: NOT BUILT for this row -- sweep: the excursion changes the tape
1RB1LD_1RC1RD_0LA1RC_1LA0RC    no board: (** ** The closure: NOT BUILT for this row -- sweep: the excursion changes the tape
1RB1LD_1RC1RD_0LD1RC_1LA0RC    no board: (** ** The closure: NOT BUILT for this row -- sweep: the excursion changes the tape
1RB1RA_0LC0RC_1RA0LD_1RC1LC    no board: (** ** The closure: NOT BUILT for this row -- sweep: the excursion changes the tape
1RB1RA_1RC1LD_0LB0RC_1LA1LB    no board: (** ** The closure: NOT BUILT for this row -- sweep: the excursion changes the tape
1RB1RA_1RC1LD_0LD0RC_1LA1LB    no board: (** ** The closure: NOT BUILT for this row -- sweep: the excursion changes the tape
1RB1RB_1LC0RD_0RA1LB_0LC1RD    no board: (** ** The closure: NOT BUILT for this row -- sweep: the excursion changes the tape
1RB1RB_1LC0RD_1RA1LB_0LB1RD    no board: (** ** The closure: NOT BUILT for this row -- sweep: the excursion changes the tape
1RB1RC_0LC1RB_1LD0RB_1RA1LC    no board: (** ** The closure: NOT BUILT for this row -- sweep: the excursion changes the tape
1RB1RC_1LA1RA_0RC1LD_1LB0LD    no board: (** ** The closure: NOT BUILT for this row -- sweep: the excursion changes the tape
1RB1RC_1LC0LD_1LD1RA_0RC1LB    no board: (** ** The closure: NOT BUILT for this row -- sweep: the excursion changes the tape
1RB1RC_1LC1LB_1LD1RA_0RC0LD    no board: (** ** The closure: NOT BUILT for this row -- sweep: the excursion changes the tape
1RB1RC_1LC1RA_1LD0LC_0RD0RB    no board: (** ** The closure: NOT BUILT for this row -- sweep: the excursion changes the tape
1RB1RD_0LC1RB_1RA1LD_1LC0RB    no board: (** ** The closure: NOT BUILT for this row -- sweep: the excursion changes the tape
0 of 120 closed rows boarded -> 0 batch file(s): 
