0RB0LD_1RC1LB_1LA1RA_1LA0LD OK
0RB0LB_1LC1RD_0LD0LC_1RA1LC t50176 too many families (family 787) / t20000 too many families (family 787)
0RB0LB_1LC0RC_1RD0LA_1RB1RC t50040 too many families (family 745) / t20000 too many families (family 782)
0RB0LD_1RC1LB_1LD1RA_1LA0LD OK
0RB0RA_0LC1RA_0RD1LC_1RB1LB OK
0RB0RA_1LC1RA_0LD1LB_1LA1LB OK
0RB0RA_1LC1RA_0LD1LB_1RA1LB OK
0RB1LB_1LC1RC_1RD0LA_1LA0RC t50366 too many families (family 751) / t20000 too many families (family 740)
0RB1LA_1RC1LC_0LA1RD_0RC0RD OK
0RB1LD_0LC1RB_1LA1RA_0LA0LD OK
0RB1LD_0RC1RB_1LD0RA_1LA0LD t50208 too many families (family 785) / t20000 too many families (family 791)
0RB1RA_1LC0RA_1LD0LB_1RB0LB t50282 too many families (family 588) / t20000 too many families (family 665)
0RB1LD_0RC1RB_1LD1LA_1LA0LD OK
0RB1RA_1LC0RD_1LD0LC_0RA1LC t50207 too many families (family 785) / t20000 too many families (family 791)
0RB1RA_1LC0RA_1LD0LB_1RB1LC t50002 too many families (family 1) / t20000 too many families (family 547)
0RB1RA_1LC1LD_1LD0LC_0RA1LC OK
0RB1RA_1LC1RD_0LD0LC_1LA1LC t50124 too many families (family 787) / t20000 too many families (family 772)
0RB1RA_1LC1RA_1LD0LC_0RA1LC OK
0RB1RD_1LC1RD_0LD0LC_1RA1LC OK
0RB1RD_1RC1RD_0LD0LC_1RA1LC OK
1RB0LB_1LC0RD_1LA0LB_0RB1RD t50474 too many families (family 604) / t20000 too many families (family 647)
1RB0LB_1LC0RD_1LA1LB_0LA0RA t50039 too many families (family 745) / t20000 too many families (family 782)
1RB0LC_1LC0RA_0RD1LD_1LA1RA OK
1RB0LC_1RC0RA_1LA1LD_1LA1LB OK
1RB0LC_1RC0RB_0LD1RB_0LA1LD t50206 too many families (family 785) / t20000 too many families (family 791)
1RB0LC_1RC1RD_1LA1LC_1RB0RA OK
1RB0LD_0LC1RC_1RD1LD_1LA0RB OK
1RB0LD_1RC0RA_1LA0RA_0LA1LD t50281 too many families (family 588) / t20000 too many families (family 665)
1RB0LD_1RC0RA_1LA1RB_0LA1LD t50001 too many families (family 1) / t20000 too many families (family 547)
1RB0LA_0RC1LA_1RD1RD_1LB1RB timeout
1RB0LA_0RC1LA_1RD0LB_1LB1RB timeout
1RB0RA_0LC0RA_1LD1RC_1RA1LB OK
1RB0RC_1LC0RC_1RA0LD_0LC1LD t50281 too many families (family 597) / t20000 too many families (family 634)
1RB0RA_0LC0RA_1LD1RC_1RB1LB OK
1RB0RD_1LC1LB_1RA0LB_0RB1RA learn: left samples disagree on F states (317 of 549)
1RB0RC_1LC1LD_1RA0LB_1LC1LA OK
1RB0RD_1LC1LB_1RA0LB_1LC1RA learn: left samples disagree on F states (400 of 629)
1RB1LA_1LC1RC_0RA0LD_1LC0LD OK
1RB1LA_1LC1RD_1LD0LC_0RA0LC OK
1RB1LB_0LC0RD_1LA1RC_1RB0RD OK
1RB1LB_0LC1RD_0RA1LC_0RB0RD OK
1RB0RD_1RC1RA_1LD1LC_1RB0LC OK
1RB1LB_1LC0RD_1RD0LB_0LA1RA t50365 too many families (family 751) / t20000 too many families (family 740)
1RB1LC_0RC0RB_1LD1RB_0LA1LC OK
1RB0LD_1RC1RA_1LA0RA_0RC0LC timeout
1RB1LC_0RC0RB_1RD1RB_0LA1LD t50123 too many families (family 787) / t20000 too many families (family 772)
1RB1LC_1LC0RD_1LA0LB_0RB1RD learn: left samples disagree on F states (33 of 1414)
1RB1LC_1RC0RB_0LD0RB_1LA1RD OK
1RB1LD_0LC0RB_1RA1LA_0LD0LA t50776 too many families (family 793) / t20000 too many families (family 13)
1RB1LD_0RC1RA_1LD1RA_0LA0LD OK
1RB1LD_0RC1RA_1RD1RA_0LA0LD OK
1RB1RA_1LC0RA_1LA1LD_1LC0LB t50094 norank ('norank', (2, 0)) / t20000 norank ('norank', (2, 0))
1RB1RC_0LC0LB_1RD1LB_0RA1RC OK
1RB1LD_0RC0LB_1LC1RA_0RD0LA timeout
1RB1RC_1LC0RD_1LD0LB_1RB1RA OK
1RB1LB_0LC1RD_1LA0RB_1LB0RD timeout
1RB1RC_1RC0RB_0LD1RB_0LA1LD OK
1RB1RD_1LC0RA_1LA0LB_1RB1RC OK
1RB1RD_1LC1LB_1RA0LB_1RD0RC t50385 too many families (family 774) / t20000 too many families (family 793)
0RB0RA_1RC1RA_1LD1RC_1RB0LC t50520 exploration does not settle / t20000 too many families (family 686)
0RB1LD_0RC1RB_1LD1RB_1LA0LD OK
1RB1RC_1LC0RC_1RA0LD_0RB0LB timeout
1RB0LA_0RC0RD_1LA0RC_0LC1RA learn: left samples disagree on F states (287 of 842)
1RB0LC_1RC1RD_1LA1RC_0RB0RD t50677 exploration does not settle / t20000 too many families (family 682)
1RB1RD_1LC1LB_1RA0LB_1RA0RC timeout
1RB0LD_1RC0RA_1LA0RD_1LA1LC t50253 too many families (family 371) / t20000 too many families (family 717)
1RB0RA_0LC1RA_0LD1LC_1LA1LC OK
1RB0RA_0LC1RA_0LD1LC_1LA1RB OK
1RB0RC_0LC1LB_0LD1LC_1RD0RA learn: left samples disagree on F states (1097 of 1132)
1RB0LD_1LC0RD_1LA0LB_1RB1RA t50308 exploration does not settle / t20000 too many families (family 727)
0RB1LD_1RC1RC_1LA1RA_1RA0LD timeout
1RB0RD_1LC1LB_1RD0LB_1RD1RA OK
1RB0RC_1LC0RD_1RA0LD_1LC1LB t50091 too many families (family 9) / t20000 too many families (family 793)
1RB1LA_1LC0RA_1LA1LD_0LC0LD t50523 exploration does not settle / t20000 too many families (family 685)
1RB0RC_1LC1RA_1RA0LD_0LC1LD t50353 too many families (family 684) / t20000 too many families (family 666)
1RB1RA_1LC0RD_1RA0LB_1LB0RA OK
1RB1RA_0LC0RA_1LC1LD_1LA0LC t50188 too many families (family 2) / t20000 too many families (family 636)
1RB1RD_1LC0RA_1LD0LB_1RB0LA t50308 exploration does not settle / t20000 too many families (family 727)
1RB1RD_1LC1RB_1RA0LB_0RA0RD t50519 exploration does not settle / t20000 too many families (family 686)
1RB1LB_0LC1RD_1LA1LA_1LB0RD timeout
1RB1RB_1LC1RC_0RA1LD_1RC0LD timeout
{'ok': 24, 'fail': 34}
