[  1/ 59    32s] 0RB0RD_1LC1RB_1RA0LC_1LB0LC    other              32.4s
[  2/ 59    32s] 0RB0RD_1LC1RB_1RA0LC_1LD0LC    other              24.0s
[  3/ 59    32s] 0RB1LC_1LC0RD_1RD0LC_1LA1RB    other              26.1s
[  4/ 59    63s] 0RB1LC_1LC1RD_1LA0LC_0RD1RB    arm-replay-failed  38.5s
[  5/ 59    68s] 1RB---_0LB1RC_0RD0RC_1LB1LD    closed             41.6s
[  6/ 59    86s] 1RB---_0LB1RC_1LB0RD_1LC0RC    closed             53.7s
[  7/ 59    90s] 1RB---_0LB1RC_1LB0RD_1LC0RD    closed             27.7s
[  8/ 59    92s] 1RB---_0LB1RC_1LD0RC_1LB1RC    closed             24.6s
[  9/ 59   125s] 1RB---_0LC1RB_0LB1RD_1LC0RD    closed             38.7s
[ 10/ 59   130s] 1RB---_0LC1RD_0LB1RC_1LB0RD    closed             40.1s
[ 11/ 59   135s] 1RB---_0LC1RD_0LB1RD_1LB0RD    closed             42.9s
[ 12/ 59   167s] 1RB---_0LC1RD_0LB1RD_1LC0RD    closed             42.3s
[ 13/ 59   281s] 1RB---_0LC1RD_1LB1RC_1LB0RD    timeout            150.8s
[ 14/ 59   284s] 1RB---_0LC1RD_1LB1RD_1LB0RD    arm-lands-off-family 149.1s
[ 15/ 59   284s] 1RB---_0RC0RB_1LD1LC_0LD1RB    closed             37.0s
[ 16/ 59   284s] 1RB---_1LC0RB_0LD1RB_0LC1RB    closed             38.0s
[ 17/ 59   284s] 1RB---_1LC0RB_0LD1RB_0LC1RD    closed             37.6s
[ 18/ 59   424s] 1RB---_1LC0RB_0LD1RB_1LC1RB    arm-lands-off-family 144.0s
[ 19/ 59   432s] 1RB---_1LC0RB_0LD1RB_1LC1RD    timeout            150.7s
[ 20/ 59   432s] 1RB---_1LC0RB_1LD1RB_0LD1RB    closed             27.4s
[ 21/ 59   432s] 1RB---_1LC0RD_0LC1RB_1LB0RB    closed             56.3s
[ 22/ 59   432s] 1RB---_1LC0RD_0LC1RB_1LB0RD    closed             27.7s
[ 23/ 59   434s] 1RB---_1LC1LB_0LC1RD_0RB0RD    closed             38.7s
[ 24/ 59   575s] 1RB---_1LC1RB_0LB1RD_1LC0RD    timeout            150.7s
[ 25/ 59   582s] 1RB---_1LC1RD_0LB1RD_1LB0RD    overflow-leaves-family 150.4s
[ 26/ 59   582s] 1RB---_1LC1RD_0LB1RD_1LC0RD    arm-lands-off-family 143.9s
[ 27/ 59   598s] 1RB---_1LC1RD_0LC1RD_1LB0RD    closed             23.6s
[ 28/ 59   729s] 1RB---_1RC1LB_0LB1RD_0RA0RC    overflow-leaves-family 150.7s
[ 29/ 59   729s] 1RB0LA_1LC1LA_1RD1LB_0LC0RD    closed             37.2s
[ 30/ 59   729s] 1RB0LD_0LC0RB_1LA1RC_0RC1LD    closed             27.8s
[ 31/ 59   729s] 1RB0RB_0LC0LD_1LC1LD_1RA0RA    closed             31.5s
[ 32/ 59   729s] 1RB0RB_0LC1RD_1LC1LA_0LA1RB    no-counter-shape   32.3s
[ 33/ 59   729s] 1RB0RB_0RC1RC_0LD1LA_1LD0LA    closed             27.9s
[ 34/ 59   729s] 1RB0RB_1LC0RC_1RA0LD_0LB0LC    other              54.3s
[ 35/ 59   729s] 1RB0RB_1LC1LD_0LC1RA_0LD0RA    no-counter-shape   21.9s
[ 36/ 59   736s] 1RB0RC_1LC1RA_1RD1LB_0LC0RD    closed             35.5s
[ 37/ 59   748s] 1RB0RD_1LB1LC_1RC0RA_0LB1RD    overflow-leaves-family 35.6s
[ 38/ 59   760s] 1RB0RD_1LC0LB_1LD0LB_1RD0RA    closed             30.9s
[ 39/ 59   775s] 1RB0RD_1LC0LC_1LD0LB_1RD0RA    closed             38.8s
[ 40/ 59   791s] 1RB0RD_1LC1RA_0RB0LC_1LD0LA    overflow-leaves-family 43.3s
[ 41/ 59   791s] 1RB1LA_0LA0LC_1LC1RD_0RB0RD    closed             27.3s
[ 42/ 59   811s] 1RB1LA_0LA0RC_0LD0RB_1LD1RC    closed             35.8s
[ 43/ 59   813s] 1RB1LA_0LA1RC_0LD0RC_1LD0RB    closed             25.3s
[ 44/ 59   942s] 1RB1LA_0LA1RC_0RD0RB_1RA---    coverage-unstable  150.7s
[ 45/ 59   942s] 1RB1LA_0LC0RD_1LC1RD_0LA0RB    closed             33.7s
[ 46/ 59   942s] 1RB1LA_1LC0RD_0RA0LC_0LA1RD    closed             28.3s
[ 47/ 59   942s] 1RB1LB_1LC0RD_0LB1LA_0LA1RA    no-counter-shape   22.5s
[ 48/ 59   942s] 1RB1LC_0LA0RB_0LD1LD_1RA0RA    closed             47.4s
[ 49/ 59   942s] 1RB1LC_0LA0RB_0RD1LA_0LC1RD    closed             33.5s
[ 50/ 59   942s] 1RB1LC_0LC0RB_0RD1LA_0LA1RD    closed             32.4s
[ 51/ 59   942s] 1RB1LC_0LC0RB_1LA1RD_0LA0RD    overflow-leaves-family 39.0s
[ 52/ 59  1030s] 1RB1LC_1LB1RA_0LC0LD_0RA0RD    interior-not-covered 105.6s
[ 53/ 59  1030s] 1RB1LC_1LC1RA_0LC0LD_0RA0RD    interior-not-covered 53.3s
[ 54/ 59  1030s] 1RB1LD_1LC1RA_0RB0LC_0RA0LD    overflow-leaves-family 50.6s
[ 55/ 59  1030s] 1RB1LD_1RC0RC_1LA0LA_0RA0LD    closed             29.8s
[ 56/ 59  1030s] 1RB1LD_1RC1RB_1LC1LA_0RC0RD    no-counter-shape   12.5s
[ 57/ 59  1039s] 1RB1RC_1LA0LB_1LD0RD_1LB0RC    no-counter-shape   34.1s
[ 58/ 59  1170s] 1RB1RC_1LA1RA_0RC1LD_1LB0LD    timeout            150.7s
[ 59/ 59  1170s] 1RB1RD_1LC1RA_0RB0LC_1LA0RD    closed             36.8s
