[  1/143     8s] 0RB0RD_1LC1RB_1RA0LC_1LB0LC    no-counter-shape   8.4s
[  2/143     8s] 0RB0RD_1LC1RB_1RA0LC_1LD0LC    no-counter-shape   8.4s
[  3/143     8s] 0RB1LC_1LC0RD_1RD0LC_1LA1RB    no-counter-shape   7.7s
[  4/143    19s] 0RB1LC_1LC1RD_1LA0LC_0RD1RB    no-counter-shape   11.4s
[  5/143    36s] 1RB---_0LB1RC_0RD0RC_1LB1LD    closed             27.9s
[  6/143    40s] 1RB---_0LB1RC_1LB0RD_1LB0RC    closed             32.0s
[  7/143    59s] 1RB---_0LB1RC_1LB0RD_1LC0RC    closed             40.0s
[  8/143    59s] 1RB---_0LB1RC_1LB0RD_1LC0RD    no-counter-shape   22.4s
[  9/143    61s] 1RB---_0LB1RC_1LD0RC_1LB1RC    no-counter-shape   20.4s
[ 10/143    94s] 1RB---_0LC1RB_0LB1RD_1LC0RD    closed             34.9s
[ 11/143    94s] 1RB---_0LC1RD_0LB1RC_1LB0RD    closed             34.5s
[ 12/143    97s] 1RB---_0LC1RD_0LB1RD_1LB0RD    closed             36.5s
[ 13/143   131s] 1RB---_0LC1RD_0LB1RD_1LC0RD    closed             37.0s
[ 14/143   400s] 1RB---_0LC1RD_1LB1RC_1LB0RD    timeout            306.4s
[ 15/143   400s] 1RB---_0LC1RD_1LB1RD_1LB0RD    arm-lands-off-family 300.6s
[ 16/143   400s] 1RB---_0RC0RB_1LD1LC_0LD1RB    closed             26.5s
[ 17/143   400s] 1RB---_1LC0RB_0LD1RB_0LC1RB    closed             37.0s
[ 18/143   400s] 1RB---_1LC0RB_0LD1RB_0LC1RD    closed             34.0s
[ 19/143   529s] 1RB---_1LC0RB_0LD1RB_1LC1RB    arm-lands-off-family 300.5s
[ 20/143   704s] 1RB---_1LC0RB_0LD1RB_1LC1RD    timeout            305.6s
[ 21/143   704s] 1RB---_1LC0RB_1LD1RB_0LD1RB    no-counter-shape   20.4s
[ 22/143   704s] 1RB---_1LC0RD_0LC1RB_1LB0RB    closed             39.0s
[ 23/143   704s] 1RB---_1LC0RD_0LC1RB_1LB0RD    no-counter-shape   21.8s
[ 24/143   704s] 1RB---_1LC0RD_0LC1RB_1LC0RB    closed             31.5s
[ 25/143   704s] 1RB---_1LC0RD_0LC1RD_1LC0RB    closed             31.9s
[ 26/143   704s] 1RB---_1LC1LB_0LC1RD_0RB0RD    closed             24.5s
[ 27/143   857s] 1RB---_1LC1RB_0LB1RD_1LC0RD    timeout            312.2s
[ 28/143   857s] 1RB---_1LC1RD_0LB1RD_1LB0RD    overflow-leaves-family 199.3s
[ 29/143  1004s] 1RB---_1LC1RD_0LB1RD_1LC0RD    arm-lands-off-family 300.4s
[ 30/143  1004s] 1RB---_1LC1RD_0LC1RD_1LB0RD    no-counter-shape   20.9s
[ 31/143  1004s] 1RB---_1RC1LB_0LB1RD_0RA0RC    closed             72.4s
[ 32/143  1004s] 1RB---_1RC1LB_0LB1RD_1RA0RC    closed             72.7s
[ 33/143  1004s] 1RB0LA_1LC0RD_1LA1LB_0LB1RD    closed             35.3s
[ 34/143  1004s] 1RB0LA_1LC0RD_1LA1LB_0LC1RD    closed             33.4s
[ 35/143  1004s] 1RB0LA_1LC1LA_1RD1LB_0LC0RD    closed             33.0s
[ 36/143  1011s] 1RB0LC_0RC1LD_1LB1RC_0LA0LB    closed             85.0s
[ 37/143  1011s] 1RB0LC_1LC0RD_0RA1LB_0LC1RD    overflow-leaves-family 33.8s
[ 38/143  1012s] 1RB0LD_0LC0RB_1LA1RC_0RC1LD    closed             26.5s
[ 39/143  1071s] 1RB0LD_0LC1RA_0LA1LA_0RB1LD    overflow-leaves-family 66.8s
[ 40/143  1071s] 1RB0LD_0LC1RA_0RA1LA_0RB1LD    no-counter-shape   32.2s
[ 41/143  1071s] 1RB0LD_0LC1RA_0RC1LA_0RB1LD    no-counter-shape   29.5s
[ 42/143  1077s] 1RB0LD_0LC1RA_1LA0RB_0RB1LD    overflow-leaves-family 35.4s
[ 43/143  1082s] 1RB0LD_0LC1RA_1LA1LA_0RB1LD    overflow-leaves-family 39.0s
[ 44/143  1106s] 1RB0LD_0LC1RA_1RB1LA_0RB1LD    overflow-leaves-family 34.8s
[ 45/143  1106s] 1RB0LD_0RC1RA_1LC0LA_0RA1LD    no-counter-shape   28.4s
[ 46/143  1129s] 1RB0LD_0RC1RA_1LC1LA_0RA1LD    overflow-leaves-family 47.3s
[ 47/143  1143s] 1RB0LD_0RC1RA_1LC1LA_0RB1LD    overflow-leaves-family 37.9s
[ 48/143  1178s] 1RB0LD_1LC1LB_1LD1RC_0RC1LA    closed             72.7s
[ 49/143  1178s] 1RB0LD_1LC1RA_0RB1LA_0RB1LD    overflow-leaves-family 41.0s
[ 50/143  1330s] 1RB0LD_1LC1RA_0RD1LA_0RB1LD    overflow-leaves-family 187.0s
[ 51/143  1330s] 1RB0LD_1LC1RA_1LA1LC_0RA1LD    closed             31.2s
[ 52/143  1330s] 1RB0LD_1LC1RA_1LA1RC_0RA1LD    overflow-leaves-family 37.9s
[ 53/143  1330s] 1RB0LD_1LC1RA_1RD1RC_0RB1LD    closed             31.2s
[ 54/143  1439s] 1RB0LD_1LC1RB_1LD1RC_0RC1LA    closed             222.9s
[ 55/143  1439s] 1RB0LD_1RC1RA_1LA0RC_0RA1LD    closed             35.3s
[ 56/143  1439s] 1RB0LD_1RC1RA_1LA0RC_0RB1LD    closed             31.7s
[ 57/143  1439s] 1RB0LD_1RC1RA_1LA1LC_0RA1LD    overflow-leaves-family 36.6s
[ 58/143  1439s] 1RB0LD_1RC1RA_1LA1RA_0RA1LD    overflow-leaves-family 36.9s
[ 59/143  1439s] 1RB0LD_1RC1RA_1LA1RA_0RB1LD    overflow-leaves-family 37.8s
[ 60/143  1439s] 1RB0LD_1RC1RA_1LA1RC_0RA1LD    overflow-leaves-family 37.0s
[ 61/143  1664s] 1RB0LD_1RC1RB_1LD1RC_0RC1LA    closed             289.8s
[ 62/143  1664s] 1RB0RB_0LC0LD_1LC1LD_1RA0RA    closed             29.4s
[ 63/143  1664s] 1RB0RB_0LC1RD_1LC1LA_0LA1RB    no-counter-shape   30.3s
[ 64/143  1664s] 1RB0RB_0RC1RC_0LD1LA_1LD0LA    closed             28.1s
[ 65/143  1664s] 1RB0RB_1LC0RC_1RA0LD_0LB0LC    no-counter-shape   12.8s
[ 66/143  1664s] 1RB0RB_1LC1LD_0LC1RA_0LD0RA    no-counter-shape   20.5s
[ 67/143  1778s] 1RB0RC_0LA1LC_0RD0LB_1LB1RD    overflow-leaves-family 302.1s
[ 68/143  1778s] 1RB0RC_0RC1LD_1LB1RC_0LA0LB    closed             72.7s
[ 69/143  1778s] 1RB0RC_1LC1RA_1RD1LB_0LC0RD    closed             32.5s
[ 70/143  1778s] 1RB0RD_1LB1LC_1RC0RA_0LB1RD    overflow-leaves-family 28.5s
[ 71/143  1778s] 1RB0RD_1LC0LB_1LD0LB_1RD0RA    closed             27.5s
[ 72/143  1778s] 1RB0RD_1LC0LC_1LD0LB_1RD0RA    closed             34.3s
[ 73/143  1778s] 1RB0RD_1LC1RA_0RB0LC_1LD0LA    overflow-leaves-family 39.9s
[ 74/143  1778s] 1RB0RD_1RC---_1RD1LC_0LC1RA    closed             71.3s
[ 75/143  1778s] 1RB1LA_0LA0LC_1LC1RD_0RB0RD    closed             24.3s
[ 76/143  1778s] 1RB1LA_0LA0RC_0LD0RB_1LD1RC    closed             32.3s
[ 77/143  1781s] 1RB1LA_0LA1RC_0LD0RC_1LD0RB    closed             26.2s
[ 78/143  1833s] 1RB1LA_0LA1RC_0RD0RB_1LB0LA    closed             72.7s
[ 79/143  1852s] 1RB1LA_0LA1RC_0RD0RB_1LB0RA    closed             73.2s
[ 80/143  1861s] 1RB1LA_0LA1RC_0RD0RB_1LB1RA    closed             80.6s
[ 81/143  1904s] 1RB1LA_0LA1RC_0RD0RB_1LB1RD    closed             71.6s
[ 82/143  1925s] 1RB1LA_0LA1RC_0RD0RB_1LC1RA    closed             73.1s
[ 83/143  1934s] 1RB1LA_0LA1RC_0RD0RB_1RA---    closed             72.7s
[ 84/143  1976s] 1RB1LA_0LA1RC_1LD0RB_1LA1LD    closed             71.2s
[ 85/143  1996s] 1RB1LA_0LA1RC_1LD0RB_1RA1LD    closed             71.1s
[ 86/143  2007s] 1RB1LA_0LA1RC_1LD0RB_1RA1RD    closed             73.2s
[ 87/143  2048s] 1RB1LA_0LA1RC_1RD0RB_1LD0LA    closed             72.5s
[ 88/143  2070s] 1RB1LA_0LA1RC_1RD0RB_1RA---    closed             73.8s
[ 89/143  2070s] 1RB1LA_0LC0RD_1LC1RD_0LA0RB    closed             31.4s
[ 90/143  2341s] 1RB1LA_0LC1RD_1LC1LA_0LA0RB    overflow-leaves-family 302.3s
[ 91/143  2341s] 1RB1LA_0LC1RD_1RA1LC_0LA0RB    closed             77.6s
[ 92/143  2341s] 1RB1LA_0RC1LD_1LB1RC_0LA0LB    closed             73.2s
[ 93/143  2432s] 1RB1LA_0RC1RD_1LB0LD_0LA0RB    overflow-leaves-family 305.9s
[ 94/143  2432s] 1RB1LA_1LC0RD_0RA0LC_0LA1RD    closed             28.3s
[ 95/143  2432s] 1RB1LA_1LC0RD_1LA1LB_0LB1RD    overflow-leaves-family 160.5s
[ 96/143  2492s] 1RB1LA_1LC0RD_1RA1LB_0LB1RD    overflow-leaves-family 160.4s
[ 97/143  2492s] 1RB1LA_1LC1RD_0RC1RA_0LA0RB    closed             72.1s
[ 98/143  2492s] 1RB1LA_1LC1RD_1RC1RA_0LA0RB    closed             71.3s
[ 99/143  2640s] 1RB1LA_1RC1LB_0LA1RD_0LB0RC    overflow-leaves-family 208.1s
[100/143  2785s] 1RB1LA_1RC1LB_0LB1RD_1LA0RC    overflow-leaves-family 300.9s
[101/143  2785s] 1RB1LB_1LC0RD_0LB1LA_0LA1RA    no-counter-shape   16.4s
[102/143  2785s] 1RB1LB_1LC0RD_1LA1LB_0LB1RD    overflow-leaves-family 35.9s
[103/143  2785s] 1RB1LB_1LC0RD_1LA1LB_0LC1RD    overflow-leaves-family 38.6s
[104/143  2802s] 1RB1LB_1LC1LA_0LB1RD_0RB0RD    closed             218.7s
[105/143  2802s] 1RB1LC_0LA0LD_1LD1RC_0RC1LB    closed             73.2s
[106/143  2802s] 1RB1LC_0LA0RB_0LD1LD_1RA0RA    closed             44.5s
[107/143  2802s] 1RB1LC_0LA0RB_0RD1LA_0LC1RD    closed             30.9s
[108/143  2961s] 1RB1LC_0LA0RC_1LA0RD_0LA1RD    overflow-leaves-family 176.3s
[109/143  2961s] 1RB1LC_0LA1RC_1LA0RD_0LA1RD    overflow-leaves-family 57.9s
[110/143  2961s] 1RB1LC_0LA1RC_1RB0LD_0RB1LD    overflow-leaves-family 34.6s
[111/143  2961s] 1RB1LC_0LC0RB_0RD1LA_0LA1RD    closed             31.3s
[112/143  2961s] 1RB1LC_0LC0RB_1LA1LD_1RC0LD    closed             29.7s
[113/143  2961s] 1RB1LC_0LC0RB_1LA1RD_0LA0RD    overflow-leaves-family 38.3s
[114/143  2961s] 1RB1LC_0RC1LD_1LB1RC_0LA0LB    closed             72.6s
[115/143  2961s] 1RB1LC_1LA0RC_1LA0RD_0LA1RD    overflow-leaves-family 32.9s
[116/143  3035s] 1RB1LC_1LB1RA_0LC0LD_0RA0RD    interior-not-covered 96.3s
[117/143  3035s] 1RB1LC_1LC1RA_0LC0LD_0RA0RD    interior-not-covered 57.3s
[118/143  3035s] 1RB1LC_1RC1LB_1LA0RD_0LC1RD    overflow-leaves-family 38.8s
[119/143  3035s] 1RB1LC_1RC1RB_1LA0RD_0LC1RD    closed             30.2s
[120/143  3078s] 1RB1LD_0LB1LC_1LA1RC_0RC0LA    closed             71.7s
[121/143  3203s] 1RB1LD_0LC0RD_0LA1RC_1LA0RC    overflow-leaves-family 172.8s
[122/143  3206s] 1RB1LD_0LC1RD_0LA1RC_1LA0RC    overflow-leaves-family 171.0s
[123/143  3206s] 1RB1LD_1LB1LC_1LA1RC_0RC0LA    closed             70.2s
[124/143  3206s] 1RB1LD_1LC1LB_0LA1RC_1LA0RC    closed             28.0s
[125/143  3224s] 1RB1LD_1LC1RA_0RB0LC_0RA0LD    overflow-leaves-family 48.4s
[126/143  3231s] 1RB1LD_1RC0RC_1LA0LA_0RA0LD    closed             28.2s
[127/143  3231s] 1RB1LD_1RC1RB_1LC1LA_0RC0RD    no-counter-shape   5.3s
[128/143  3242s] 1RB1RA_0RC1LB_1LA1RD_1RC0LB    closed             30.4s
[129/143  3261s] 1RB1RA_1LC0RD_1LA1LB_0LB1RD    overflow-leaves-family 36.8s
[130/143  3261s] 1RB1RA_1LC0RD_1RA1LB_0LB1RD    closed             29.7s
[131/143  3313s] 1RB1RA_1LC1RB_0RB1LD_1RA0LC    closed             71.5s
[132/143  3334s] 1RB1RA_1RC1LB_0LB1RD_1LA0RC    closed             72.7s
[133/143  3334s] 1RB1RB_1LC0RD_0RA1LB_0LC1RD    overflow-leaves-family 33.4s
[134/143  3334s] 1RB1RC_1LA0LB_1LD0RD_1LB0RC    no-counter-shape   34.8s
[135/143  3471s] 1RB1RC_1LA1LD_0RB0RC_1LB0LB    closed             157.8s
[136/143  3630s] 1RB1RC_1LA1RA_0RC1LD_1LB0LD    interior-not-covered 300.8s
[137/143  3630s] 1RB1RC_1LC0RB_1RA0LD_0RA1LD    closed             30.9s
[138/143  3630s] 1RB1RC_1LC0RB_1RA0LD_0RC1LD    closed             33.8s
[139/143  3630s] 1RB1RC_1LC1LB_1RA0LD_0RC1LD    overflow-leaves-family 40.3s
[140/143  3630s] 1RB1RC_1LC1RB_1RA0LD_0RC1LD    overflow-leaves-family 167.0s
[141/143  3630s] 1RB1RC_1LC1RC_1RA0LD_0RA1LD    overflow-leaves-family 41.1s
[142/143  3630s] 1RB1RC_1LC1RC_1RA0LD_0RC1LD    overflow-leaves-family 36.7s
[143/143  3630s] 1RB1RD_1LC1RA_0RB0LC_1LA0RD    closed             35.4s
SWEEP3DONE
