[  1/143     5s] 0RB0RD_1LC1RB_1RA0LC_1LB0LC    no-counter-shape   5.2s
[  2/143     5s] 0RB0RD_1LC1RB_1RA0LC_1LD0LC    no-counter-shape   5.4s
[  3/143     5s] 0RB1LC_1LC0RD_1RD0LC_1LA1RB    no-counter-shape   4.9s
[  4/143    13s] 0RB1LC_1LC1RD_1LA0LC_0RD1RB    no-counter-shape   8.0s
[  5/143    32s] 1RB---_0LB1RC_0RD0RC_1LB1LD    closed             26.6s
[  6/143    32s] 1RB---_0LB1RC_1LB0RD_1LB0RC    closed             24.5s
[  7/143    50s] 1RB---_0LB1RC_1LB0RD_1LC0RC    closed             37.0s
[  8/143    50s] 1RB---_0LB1RC_1LB0RD_1LC0RD    no-counter-shape   15.9s
[  9/143    50s] 1RB---_0LB1RC_1LD0RC_1LB1RC    no-counter-shape   14.5s
[ 10/143    72s] 1RB---_0LC1RB_0LB1RD_1LC0RD    closed             26.6s
[ 11/143    73s] 1RB---_0LC1RD_0LB1RC_1LB0RD    closed             26.5s
[ 12/143    78s] 1RB---_0LC1RD_0LB1RD_1LB0RD    closed             27.7s
[ 13/143    99s] 1RB---_0LC1RD_0LB1RD_1LC0RD    closed             27.0s
[ 14/143   373s] 1RB---_0LC1RD_1LB1RC_1LB0RD    timeout            300.5s
[ 15/143   373s] 1RB---_0LC1RD_1LB1RD_1LB0RD    arm-lands-off-family 244.8s
[ 16/143   373s] 1RB---_0RC0RB_1LD1LC_0LD1RB    closed             25.0s
[ 17/143   373s] 1RB---_1LC0RB_0LD1RB_0LC1RB    closed             27.8s
[ 18/143   373s] 1RB---_1LC0RB_0LD1RB_0LC1RD    closed             26.2s
[ 19/143   424s] 1RB---_1LC0RB_0LD1RB_1LC1RB    arm-lands-off-family 245.3s
[ 20/143   623s] 1RB---_1LC0RB_0LD1RB_1LC1RD    timeout            300.6s
[ 21/143   623s] 1RB---_1LC0RB_1LD1RB_0LD1RB    no-counter-shape   15.3s
[ 22/143   623s] 1RB---_1LC0RD_0LC1RB_1LB0RB    closed             34.8s
[ 23/143   623s] 1RB---_1LC0RD_0LC1RB_1LB0RD    no-counter-shape   15.2s
[ 24/143   623s] 1RB---_1LC0RD_0LC1RB_1LC0RB    closed             24.3s
[ 25/143   623s] 1RB---_1LC0RD_0LC1RD_1LC0RB    closed             23.8s
[ 26/143   623s] 1RB---_1LC1LB_0LC1RD_0RB0RD    closed             26.9s
[ 27/143   763s] 1RB---_1LC1RB_0LB1RD_1LC0RD    timeout            300.5s
[ 28/143   763s] 1RB---_1LC1RD_0LB1RD_1LB0RD    overflow-leaves-family 123.3s
[ 29/143   842s] 1RB---_1LC1RD_0LB1RD_1LC0RD    arm-lands-off-family 244.2s
[ 30/143   842s] 1RB---_1LC1RD_0LC1RD_1LB0RD    no-counter-shape   14.4s
[ 31/143   842s] 1RB---_1RC1LB_0LB1RD_0RA0RC    closed             48.1s
[ 32/143   842s] 1RB---_1RC1LB_0LB1RD_1RA0RC    closed             49.4s
[ 33/143   842s] 1RB0LA_1LC0RD_1LA1LB_0LB1RD    closed             27.1s
[ 34/143   842s] 1RB0LA_1LC0RD_1LA1LB_0LC1RD    closed             22.0s
[ 35/143   842s] 1RB0LA_1LC1LA_1RD1LB_0LC0RD    closed             25.6s
[ 36/143   842s] 1RB0LC_0RC1LD_1LB1RC_0LA0LB    closed             50.7s
[ 37/143   861s] 1RB0LC_1LC0RD_0RA1LB_0LC1RD    overflow-leaves-family 72.1s
[ 38/143   861s] 1RB0LD_0LC0RB_1LA1RC_0RC1LD    closed             19.3s
[ 39/143   923s] 1RB0LD_0LC1RA_0LA1LA_0RB1LD    overflow-leaves-family 80.5s
[ 40/143   923s] 1RB0LD_0LC1RA_0RA1LA_0RB1LD    no-counter-shape   20.8s
[ 41/143   923s] 1RB0LD_0LC1RA_0RC1LA_0RB1LD    no-counter-shape   20.0s
[ 42/143   950s] 1RB0LD_0LC1RA_1LA0RB_0RB1LD    overflow-leaves-family 75.0s
[ 43/143   954s] 1RB0LD_0LC1RA_1LA1LA_0RB1LD    overflow-leaves-family 73.8s
[ 44/143   998s] 1RB0LD_0LC1RA_1RB1LA_0RB1LD    overflow-leaves-family 75.1s
[ 45/143   998s] 1RB0LD_0RC1RA_1LC0LA_0RA1LD    no-counter-shape   20.3s
[ 46/143   998s] 1RB0LD_0RC1RA_1LC1LA_0RA1LD    closed             33.8s
[ 47/143  1004s] 1RB0LD_0RC1RA_1LC1LA_0RB1LD    closed             34.3s
[ 48/143  1038s] 1RB0LD_1LC1LB_1LD1RC_0RC1LA    closed             50.0s
[ 49/143  1046s] 1RB0LD_1LC1RA_0RB1LA_0RB1LD    overflow-leaves-family 47.6s
[ 50/143  1217s] 1RB0LD_1LC1RA_0RD1LA_0RB1LD    overflow-leaves-family 212.3s
[ 51/143  1217s] 1RB0LD_1LC1RA_1LA1LC_0RA1LD    closed             22.8s
[ 52/143  1217s] 1RB0LD_1LC1RA_1LA1RC_0RA1LD    closed             31.8s
[ 53/143  1217s] 1RB0LD_1LC1RA_1RD1RC_0RB1LD    closed             22.2s
[ 54/143  1218s] 1RB0LD_1LC1RB_1LD1RC_0RC1LA    closed             140.7s
[ 55/143  1218s] 1RB0LD_1RC1RA_1LA0RC_0RA1LD    closed             28.4s
[ 56/143  1218s] 1RB0LD_1RC1RA_1LA0RC_0RB1LD    closed             26.0s
[ 57/143  1218s] 1RB0LD_1RC1RA_1LA1LC_0RA1LD    closed             38.6s
[ 58/143  1218s] 1RB0LD_1RC1RA_1LA1RA_0RA1LD    closed             35.9s
[ 59/143  1239s] 1RB0LD_1RC1RA_1LA1RA_0RB1LD    closed             26.7s
[ 60/143  1248s] 1RB0LD_1RC1RA_1LA1RC_0RA1LD    closed             31.5s
[ 61/143  1361s] 1RB0LD_1RC1RB_1LD1RC_0RC1LA    closed             142.7s
[ 62/143  1361s] 1RB0RB_0LC0LD_1LC1LD_1RA0RA    no-counter-shape   17.5s
[ 63/143  1361s] 1RB0RB_0LC1RD_1LC1LA_0LA1RB    no-counter-shape   22.5s
[ 64/143  1361s] 1RB0RB_0RC1RC_0LD1LA_1LD0LA    no-counter-shape   17.2s
[ 65/143  1361s] 1RB0RB_1LC0RC_1RA0LD_0LB0LC    no-counter-shape   9.5s
[ 66/143  1361s] 1RB0RB_1LC1LD_0LC1RA_0LD0RA    no-counter-shape   14.7s
[ 67/143  1555s] 1RB0RC_0LA1LC_0RD0LB_1LB1RD    overflow-leaves-family 275.0s
[ 68/143  1555s] 1RB0RC_0RC1LD_1LB1RC_0LA0LB    closed             49.0s
[ 69/143  1555s] 1RB0RC_1LC1RA_1RD1LB_0LC0RD    closed             25.2s
[ 70/143  1555s] 1RB0RD_1LB1LC_1RC0RA_0LB1RD    overflow-leaves-family 26.0s
[ 71/143  1555s] 1RB0RD_1LC0LB_1LD0LB_1RD0RA    no-counter-shape   16.8s
[ 72/143  1555s] 1RB0RD_1LC0LC_1LD0LB_1RD0RA    no-counter-shape   21.7s
[ 73/143  1555s] 1RB0RD_1LC1RA_0RB0LC_1LD0LA    overflow-leaves-family 29.7s
[ 74/143  1555s] 1RB0RD_1RC---_1RD1LC_0LC1RA    closed             48.6s
[ 75/143  1555s] 1RB1LA_0LA0LC_1LC1RD_0RB0RD    closed             19.2s
[ 76/143  1555s] 1RB1LA_0LA0RC_0LD0RB_1LD1RC    closed             24.6s
[ 77/143  1555s] 1RB1LA_0LA1RC_0LD0RC_1LD0RB    closed             18.0s
[ 78/143  1555s] 1RB1LA_0LA1RC_0RD0RB_1LB0LA    closed             48.5s
[ 79/143  1555s] 1RB1LA_0LA1RC_0RD0RB_1LB0RA    closed             49.9s
[ 80/143  1557s] 1RB1LA_0LA1RC_0RD0RB_1LB1RA    closed             48.3s
[ 81/143  1565s] 1RB1LA_0LA1RC_0RD0RB_1LB1RD    closed             48.1s
[ 82/143  1604s] 1RB1LA_0LA1RC_0RD0RB_1LC1RA    closed             49.5s
[ 83/143  1606s] 1RB1LA_0LA1RC_0RD0RB_1RA---    closed             49.1s
[ 84/143  1614s] 1RB1LA_0LA1RC_1LD0RB_1LA1LD    closed             48.4s
[ 85/143  1652s] 1RB1LA_0LA1RC_1LD0RB_1RA1LD    closed             47.2s
[ 86/143  1655s] 1RB1LA_0LA1RC_1LD0RB_1RA1RD    closed             48.4s
[ 87/143  1661s] 1RB1LA_0LA1RC_1RD0RB_1LD0LA    closed             47.4s
[ 88/143  1701s] 1RB1LA_0LA1RC_1RD0RB_1RA---    closed             49.4s
[ 89/143  1701s] 1RB1LA_0LC0RD_1LC1RD_0LA0RB    closed             24.6s
[ 90/143  1896s] 1RB1LA_0LC1RD_1LC1LA_0LA0RB    overflow-leaves-family 234.2s
[ 91/143  1896s] 1RB1LA_0LC1RD_1RA1LC_0LA0RB    closed             46.7s
[ 92/143  1896s] 1RB1LA_0RC1LD_1LB1RC_0LA0LB    closed             49.8s
[ 93/143  2001s] 1RB1LA_0RC1RD_1LB0LD_0LA0RB    overflow-leaves-family 274.7s
[ 94/143  2001s] 1RB1LA_1LC0RD_0RA0LC_0LA1RD    closed             19.8s
[ 95/143  2001s] 1RB1LA_1LC0RD_1LA1LB_0LB1RD    closed             29.9s
[ 96/143  2001s] 1RB1LA_1LC0RD_1RA1LB_0LB1RD    closed             29.7s
[ 97/143  2001s] 1RB1LA_1LC1RD_0RC1RA_0LA0RB    closed             47.0s
[ 98/143  2001s] 1RB1LA_1LC1RD_1RC1RA_0LA0RB    closed             48.7s
[ 99/143  2072s] 1RB1LA_1RC1LB_0LA1RD_0LB0RC    overflow-leaves-family 176.1s
[100/143  2072s] 1RB1LA_1RC1LB_0LB1RD_1LA0RC    closed             140.6s
[101/143  2072s] 1RB1LB_1LC0RD_0LB1LA_0LA1RA    no-counter-shape   11.6s
[102/143  2072s] 1RB1LB_1LC0RD_1LA1LB_0LB1RD    closed             33.0s
[103/143  2072s] 1RB1LB_1LC0RD_1LA1LB_0LC1RD    closed             25.5s
[104/143  2299s] 1RB1LB_1LC1LA_0LB1RD_0RB0RD    closed             232.5s
[105/143  2299s] 1RB1LC_0LA0LD_1LD1RC_0RC1LB    closed             52.4s
[106/143  2299s] 1RB1LC_0LA0RB_0LD1LD_1RA0RA    no-counter-shape   17.0s
[107/143  2299s] 1RB1LC_0LA0RB_0RD1LA_0LC1RD    closed             24.0s
[108/143  2299s] 1RB1LC_0LA0RC_1LA0RD_0LA1RD    overflow-leaves-family 174.1s
[109/143  2299s] 1RB1LC_0LA1RC_1LA0RD_0LA1RD    overflow-leaves-family 90.0s
[110/143  2299s] 1RB1LC_0LA1RC_1RB0LD_0RB1LD    overflow-leaves-family 73.8s
[111/143  2310s] 1RB1LC_0LC0RB_0RD1LA_0LA1RD    closed             23.5s
[112/143  2310s] 1RB1LC_0LC0RB_1LA1LD_1RC0LD    closed             21.3s
[113/143  2326s] 1RB1LC_0LC0RB_1LA1RD_0LA0RD    overflow-leaves-family 26.8s
[114/143  2357s] 1RB1LC_0RC1LD_1LB1RC_0LA0LB    closed             49.1s
[115/143  2368s] 1RB1LC_1LA0RC_1LA0RD_0LA1RD    overflow-leaves-family 57.7s
[116/143  2411s] 1RB1LC_1LB1RA_0LC0LD_0RA0RD    interior-not-covered 84.6s
[117/143  2411s] 1RB1LC_1LC1RA_0LC0LD_0RA0RD    interior-not-covered 39.4s
[118/143  2411s] 1RB1LC_1RC1LB_1LA0RD_0LC1RD    closed             32.8s
[119/143  2419s] 1RB1LC_1RC1RB_1LA0RD_0LC1RD    closed             22.1s
[120/143  2448s] 1RB1LD_0LB1LC_1LA1RC_0RC0LA    closed             47.5s
[121/143  2615s] 1RB1LD_0LC0RD_0LA1RC_1LA0RC    overflow-leaves-family 203.9s
[122/143  2615s] 1RB1LD_0LC1RD_0LA1RC_1LA0RC    overflow-leaves-family 188.3s
[123/143  2615s] 1RB1LD_1LB1LC_1LA1RC_0RC0LA    closed             47.7s
[124/143  2615s] 1RB1LD_1LC1LB_0LA1RC_1LA0RC    closed             20.9s
[125/143  2615s] 1RB1LD_1LC1RA_0RB0LC_0RA0LD    overflow-leaves-family 35.7s
[126/143  2615s] 1RB1LD_1RC0RC_1LA0LA_0RA0LD    no-counter-shape   18.3s
[127/143  2615s] 1RB1LD_1RC1RB_1LC1LA_0RC0RD    no-counter-shape   3.5s
[128/143  2615s] 1RB1RA_0RC1LB_1LA1RD_1RC0LB    closed             22.9s
[129/143  2634s] 1RB1RA_1LC0RD_1LA1LB_0LB1RD    closed             36.7s
[130/143  2634s] 1RB1RA_1LC0RD_1RA1LB_0LB1RD    closed             21.8s
[131/143  2662s] 1RB1RA_1LC1RB_0RB1LD_1RA0LC    closed             47.6s
[132/143  2677s] 1RB1RA_1RC1LB_0LB1RD_1LA0RC    closed             47.9s
[133/143  2705s] 1RB1RB_1LC0RD_0RA1LB_0LC1RD    overflow-leaves-family 71.4s
[134/143  2705s] 1RB1RC_1LA0LB_1LD0RD_1LB0RC    no-counter-shape   25.6s
[135/143  2859s] 1RB1RC_1LA1LD_0RB0RC_1LB0LB    closed             182.0s
[136/143  2986s] 1RB1RC_1LA1RA_0RC1LD_1LB0LD    interior-not-covered 298.6s
[137/143  2986s] 1RB1RC_1LC0RB_1RA0LD_0RA1LD    closed             22.8s
[138/143  2986s] 1RB1RC_1LC0RB_1RA0LD_0RC1LD    closed             28.2s
[139/143  2986s] 1RB1RC_1LC1LB_1RA0LD_0RC1LD    closed             40.3s
[140/143  2986s] 1RB1RC_1LC1RB_1RA0LD_0RC1LD    closed             32.3s
[141/143  2986s] 1RB1RC_1LC1RC_1RA0LD_0RA1LD    closed             26.7s
[142/143  2986s] 1RB1RC_1LC1RC_1RA0LD_0RC1LD    closed             35.9s
[143/143  2986s] 1RB1RD_1LC1RA_0RB0LC_1LA0RD    closed             26.6s
