    1/40 0RB0LA_1LC0RD_1LA1RB_1LB1RC              OK Alph_011_111_1/mirror 8*j+8 8*j+22
    2/40 0RB0LA_1LC0RD_1LA1RB_0LA1RC              OK Alph_110_111_11/mirror 8*j+8 8*j+18
    3/40 0RB0LA_1LC0RD_1LA1RB_1LC1RC              OK Alph_110_111_11/mirror 8*j+8 8*j+16
    4/40 0RB0LA_1LC0RD_1LA1RB_1RA1RC              OK Alph_011_111_1/mirror 8*j+8 8*j+18
    5/40 0RB0LA_1LC0RD_1LA1RB_1RC1RC              OK Alph_011_111_1/mirror 8*j+8 8*j+18
    6/40 0RB0LB_0LC1RD_1RB1LC_0RB1RA              OK Alph_110_111_111/S1 8*j+32 8*j+32
    7/40 0RB0LB_0RC1LC_1RD1LA_1LB1RD              OK Alph_110_111_111/mirror/S1 6*j+22 6*j+22
    8/40 0RB0LB_0RC1LD_1LB1RC_0RA1LA              OK Alph_011_111_1/mirror j=0:2,6*j'+8 6*j+14
    9/40 0RB0LB_0RC1LD_1LB1RC_0LB1LA              OK Alph_110_111_111/mirror/S1 6*j+26 6*j+30
   10/40 0RB0LB_0RC1LD_1LB1RC_0RC1LA              OK Alph_011_111_1/mirror j=0:2,6*j'+8 6*j+10
   11/40 0RB0LB_0RC1LD_1LB1RC_1LB1LA              OK Alph_110_111_111/mirror/S1 6*j+26 6*j+26
   12/40 0RB0LB_0RC1LD_1LB1RC_1RC1LA              OK Alph_110_111_111/mirror/S1 6*j+26 6*j+22
   13/40 0RB0LB_0RC1LD_1LB1RC_1RD1LA              OK Alph_110_111_111/mirror/S1 6*j+26 6*j+34
   14/40 0RB0LB_1LA1LC_0RD1LA_1LB1RD              OK Alph_101_111_11/mirror 6*j+4 6*j+13
   15/40 0RB0LB_1LC1LC_0RD1LA_1LB1RD              OK Alph_101_111_11/mirror 6*j+4 6*j+11
   16/40 0RB0LB_1RC1LD_1LB1RC_0RC1LA              OK Alph_110_111_111/mirror 6*j+8 6*j+14
   17/40 0RB0LC_1LA1RC_0LD1RA_1RB1LD              OK Alph_101_111_1 8*j+4 8*j+18
   18/40 0RB0LC_1LC1RB_0RB1LA_------              OK Alph_10_11_11/mirror 4*j+4 4*j+9
   19/40 0RB0LC_1LC1RB_0RB1LD_0LA1LA              OK Alph_110_111_111/mirror 6*j+10 6*j+18
   20/40 0RB0LC_1LC1RB_0RB1LD_0LC1LA              OK Alph_110_111_111/mirror 6*j+10 6*j+18
   21/40 0RB0LC_1LC1RB_0RB1LD_0RA1LA              OK Alph_011_111_1/mirror 6*j+8 6*j+14
   22/40 0RB0LC_1LC1RB_0RB1LD_0RB1LA              OK Alph_011_111_1/mirror j=0:2,6*j'+8 6*j+8
   23/40 0RB0LC_1LC1RB_0RB1LD_0RD1LA              OK Alph_011_111_1/mirror j=0:2,6*j'+8 6*j+8
   24/40 0RB0LC_1LC1RB_0RB1LD_1LA0RC              OK Alph_011_111_1/mirror j=0:2,8*j'+10 8*j+11
   25/40 0RB0LC_1LC1RB_0RB1LD_1LA1LA              OK Alph_011_111_1/mirror j=0:2,6*j'+8 6*j+8
   26/40 0RB0LC_1LC1RB_0RB1LD_1LC1LA              OK Alph_110_111_111/mirror 6*j+10 6*j+18
   27/40 0RB0LC_1LC1RB_0RB1LD_1RB1LA              OK Alph_110_111_111/mirror 6*j+10 6*j+18
   28/40 0RB0LC_1LC1RB_0RB1LD_1RC1LA              OK Alph_011_111_1/mirror j=0:2,6*j'+8 6*j+8
   29/40 0RB0LC_1LC1RB_0RB1LD_1RD1LA              OK Alph_110_111_111/mirror 6*j+10 6*j+18
   30/40 0RB0LC_1LC1RB_0RC1LD_1LA0RC              OK Alph_101_111_11/mirror 8*j+8 8*j+18
   31/40 0RB0LC_1LC1RB_0RC1LD_1RB1LA              OK Alph_110_111_111/mirror 6*j+10 6*j+18
   32/40 0RB0LC_1LC1RB_0RD1LD_1LA0RC              OK Alph_101_111_11/mirror 8*j+8 8*j+16
   33/40 0RB0LC_1LC1RB_0RD1LD_1RB1LA              OK Alph_110_111_111/mirror 6*j+8 6*j+18
   34/40 0RB0LC_1LC1RB_1LA0LD_1RA0RB              OK Alph_110_111_111/mirror 8*j+8 8*j+18
   35/40 0RB0LC_1LC1RB_1LA0LD_0RB0RB              OK Alph_110_111_111/mirror/S1 8*j+24 8*j+26
   36/40 0RB0LC_1LC1RB_1LA1LA_------              OK Alph_10_11_11/mirror 4*j+4 4*j+7
   37/40 0RB0LC_1LC1RB_1LA1LD_0RD1LA              OK Alph_101_111_11/mirror 6*j+6 6*j+9
   38/40 0RB0LC_1LC1RB_1LA1LD_1LA0RC              OK Alph_110_111_111/mirror/S1 8*j+24 8*j+24
   39/40 0RB0LC_1LC1RB_1LA1LD_1LA1LA              OK Alph_110_111_111/mirror/S1 6*j+18 6*j+20
   40/40 0RB0LC_1LC1RB_1LA1LD_1RB1LA              OK Alph_110_111_111/mirror/S1 6*j+18 6*j+18

40 / 40 derived
