    1/2233 0RB0LA_1LC0RD_1LA1RB_1LB1RC OK 20s
    2/2233 0RB0LA_1LC0RD_1LA1RB_0LA1RC OK 21s
    3/2233 0RB0LA_1LC0RD_1LA1RB_1LC1RC OK 10s
    4/2233 0RB0LA_1LC0RD_1LA1RB_1RA1RC OK 10s
    5/2233 0RB0LA_1LC0RD_1LA1RB_1RC1RC OK 20s
    6/2233 0RB0LB_0LC1RD_1RB1LC_0RB1RA OK 25s
    7/2233 0RB0LA_1LC0RD_1LA1LD_1RB0LC derive: no overflow chain (nested: no exit chain) 68s
    8/2233 0RB0LB_0RC1LC_1RD1LA_1LB1RD OK 26s
    9/2233 0RB0LB_0RC1LD_1LB1RC_0RA1LA OK 12s
   10/2233 0RB0LB_0RC1LD_1LB1RC_0LB1LA OK 26s
   11/2233 0RB0LB_0RC1LD_1LB1RC_0RC1LA OK 14s
   12/2233 0RB0LB_0RC1LD_1LB1RC_1LB1LA OK 26s
   13/2233 0RB0LB_0RC1LD_1LB1RC_1RC1LA OK 26s
   14/2233 0RB0LB_0RC1LD_1LB1RC_1RD1LA OK 27s
   15/2233 0RB0LB_0RC1RB_1LD1RA_1LA--- no anchor 20s
   16/2233 0RB0LB_0RC1RB_1LD1RD_1LA0LB no anchor 20s
   17/2233 0RB0LB_1LA1LC_0RD1LA_1LB1RD OK 15s
   18/2233 0RB0LB_1LC1LC_0RD1LA_1LB1RD OK 13s
   19/2233 0RB0LB_1LC1RB_0LD1RD_1LA0RB no anchor 24s
   20/2233 0RB0LB_1RC1LB_0LB0RD_1LD1LA no anchor 21s
   21/2233 0RB0LB_1RC1LB_0LD0RD_1LD1LA no anchor 20s
   22/2233 0RB0LB_1RC1LB_1LB0RD_1LD1LA no anchor 20s
   23/2233 0RB0LB_1RC1LB_0RD0RD_1LD1LA no anchor 23s
   24/2233 0RB0LB_1RC1LB_1LC0RD_1LD1LA no anchor 21s
   25/2233 0RB0LB_1RC1LB_1LD0RD_1LD1LA no anchor 16s
   26/2233 0RB0LB_1RC1LD_1LB1RC_0RC1LA OK 9s
   27/2233 0RB0LB_1RC1LB_1RD0RD_1LD1LA no anchor 15s
   28/2233 0RB0LC_0LC1LC_0RD1LA_1RB1RD derive: no interior chain 11s
   29/2233 0RB0LC_0LC1RD_0RD1LC_1RB1LA derive: no interior chain 11s
   30/2233 0RB0LB_1RC1RB_0RD0RC_1LD1LA no anchor 14s
   31/2233 0RB0LC_1LA1RC_0LD1RA_1RB1LD OK 3s
   32/2233 0RB0LC_1LA1LC_0RD1LA_1RB1RD derive: no interior chain 12s
   33/2233 0RB0LC_1LA1RB_1RC1RD_0LB0RB no anchor 14s
   34/2233 0RB0LC_1LA1RC_1RB0LD_0RB1LD derive: no overflow chain (nested: no inner family at pow2 j) 17s
   35/2233 0RB0LC_1LC1LB_0RD1LA_1RB1RD no anchor 15s
   36/2233 0RB0LC_1LC1LC_0RD1LA_1RB1RD derive: no interior chain 12s
   37/2233 0RB0LC_1LC1RB_0RB1LA_------ OK 9s
   38/2233 0RB0LC_1LC0RD_1LA1LD_0LA1RB derive: no overflow chain (nested: no inner family at pow2 j) 29s
   39/2233 0RB0LC_1LC1RB_0RB1LD_0LA1LA OK 9s
   40/2233 0RB0LC_1LC1RB_0RB1LD_0LC1LA OK 9s
   41/2233 0RB0LC_1LC1RB_0RB1LD_0RA1LA OK 9s
   42/2233 0RB0LC_1LC1RB_0RB1LD_0RB1LA OK 8s
   43/2233 0RB0LC_1LC1RB_0RB1LD_0RD1LA OK 8s
   44/2233 0RB0LC_1LC1RB_0RB1LD_1LA0RC OK 8s
   45/2233 0RB0LC_1LC1RB_0RB1LD_1LA1LA OK 8s
   46/2233 0RB0LC_1LC1RB_0RB1LD_1LC1LA OK 8s
   47/2233 0RB0LC_1LC1RB_0RB1LD_1RB1LA OK 8s
   48/2233 0RB0LC_1LC1RB_0RB1LD_1RC1LA OK 8s
   49/2233 0RB0LC_1LC1RB_0RB1LD_1RD1LA OK 8s
   50/2233 0RB0LC_1LC1RB_0RC1LD_1LA0RC OK 8s
   51/2233 0RB0LC_1LC1RB_0RC1LD_1RB1LA OK 8s
   52/2233 0RB0LC_1LC1RB_0RD1LD_1LA0RC OK 8s
   53/2233 0RB0LC_1LC1RB_0RD1LD_1RB1LA OK 9s
   54/2233 0RB0LC_1LC1RB_1LA0LD_1RA0RB OK 8s
   55/2233 0RB0LC_1LC1RB_1LA0LD_1RD0RB no anchor 12s
   56/2233 0RB0LC_1LC1RB_1LA0LD_0RB0RB OK 18s
   57/2233 0RB0LC_1LC1RB_1LA1LA_------ OK 8s
   58/2233 0RB0LC_1LC1RB_1LA1LD_0RD1LA OK 9s
   59/2233 0RB0LC_1LC1RB_1LA1LD_1LA0RC OK 21s
   60/2233 0RB0LC_1LC1RB_1LA1LD_1LA1LA OK 21s
   61/2233 0RB0LC_1LC1RB_1LA1LD_1RB1LA OK 18s
   62/2233 0RB0LC_1LC1RB_1LD1LD_0RD1LA OK 9s
   63/2233 0RB0LC_1LC1RB_1LA1LD_1RC1LA OK 17s
   64/2233 0RB0LC_1LC1RB_1LD1LD_1LA0RC OK 12s
   65/2233 0RB0LC_1LC1RB_1LD1LA_1RD0RC derive: no overflow chain (nested: no overflow phase at K=6) 26s
   66/2233 0RB0LC_1LC1RB_1LD1LD_1LA1LA OK 10s
   67/2233 0RB0LC_1LC1RB_1LD1LD_1RC1LA OK 9s
   68/2233 0RB0LC_1LC1RB_1LD1LD_1RB1LA OK 10s
   69/2233 0RB0LC_1LC1RB_1RB1LA_------ OK 10s
   70/2233 0RB0LC_1LC1RB_1RB1LD_0RD1LA OK 9s
   71/2233 0RB0LC_1LC1RB_1RB1LD_1LA0RC OK 18s
   72/2233 0RB0LC_1LC1RB_1RB1LD_1LA1LA OK 17s
   73/2233 0RB0LC_1LC1RB_1RB1LD_1RB1LA OK 17s
   74/2233 0RB0LC_1LC1RB_1RC1LA_------ OK 8s
   75/2233 0RB0LC_1LC1RB_1RB1LD_1RC1LA OK 16s
   76/2233 0RB0LC_1LC1RB_1RD1LA_1RD1RB OK 11s
   77/2233 0RB0LC_1LC1RB_1RD1LA_1LD1LB derive: no overflow chain (nested: no overflow phase at K=6) 25s
   78/2233 0RB0LC_1LC1RB_1RD1LA_0LD1LB derive: no overflow chain (nested: no overflow phase at K=6) 26s
   79/2233 0RB0LC_1LC1RD_0RD1LC_1RB1LA derive: no interior chain 12s
   80/2233 0RB0LC_1LC1RB_1RD1LD_1RB1LA derive: no overflow chain (nested: no inner family at pow2 j) 20s
   81/2233 0RB0LC_1LC1RB_1RD1LD_1LB1LA derive: no overflow chain (nested: no overflow phase at K=6) 28s
   82/2233 0RB0LC_1RC1RC_0LD1RA_1RB1LD OK 3s
   83/2233 0RB0LC_1RC0RD_1LA0LB_1LC1RB derive: no overflow chain (nested: no overflow phase at K=6) 30s
   84/2233 0RB0LC_1RC1RD_1LA1LA_1LC1RB derive: no overflow chain (nested: no overflow phase at K=6) 25s
   85/2233 0RB0LC_1RC0RD_1LA1LD_1LC1RB derive: no overflow chain (nested: no overflow phase at K=6) 30s
   86/2233 0RB0LD_0LC1RD_1RB1LC_0LD1RA OK 12s
   87/2233 0RB0LD_0LC1RC_1RB1LA_0RC1LD derive: no interior chain 12s
   88/2233 0RB0LD_0LC1RD_1RB1LC_1LB1RA OK 3s
   89/2233 0RB0LC_1RC1RD_1RD1LA_1LC1RB derive: no overflow chain (nested: no overflow phase at K=6) 25s
   90/2233 0RB0LD_0LC1RD_1RB1LC_0RB1RA OK 12s
   91/2233 0RB0LD_0LC1RD_1RB1LC_1RA1RA OK 3s
   92/2233 0RB0LD_0LC1RD_1RB1LC_1LC1RA OK 12s
   93/2233 0RB0LD_0LC1RD_1RB1LC_1RC1RA OK 3s
   94/2233 0RB0LD_0LC1RD_1RB1LC_1LD1RA OK 15s
   95/2233 0RB0LD_0LC1RD_1RB1LC_1RB1RA OK 12s
   96/2233 0RB0LD_0RC1RB_1LD1LC_1LA1LA derive: no overflow chain (nested: no inner interior chain) 12s
   97/2233 0RB0LD_0RC1LB_1LA1RD_1RC0LB derive: no overflow chain (nested: no inner family at pow2 j) 16s
   98/2233 0RB0LD_0RC1RB_1LD1LC_1RD1LA derive: no interior chain 13s
   99/2233 0RB0LD_1LA1RC_1LD1RA_0RA1LC derive: no interior chain 12s
  100/2233 0RB0LD_1LA1RC_1RB1LA_0RC1LD derive: no interior chain 12s
  101/2233 0RB0LD_0RC1RC_1LD1RB_1RD1LA derive: no overflow chain (nested: no overflow phase at K=6) 24s
  102/2233 0RB0LD_1LC1RB_1RB0LA_1RD0RB no anchor 14s
  103/2233 0RB0LD_1LC1RB_1LA1LA_1LB1LA derive: no overflow chain (nested: no overflow phase at K=6) 26s
  104/2233 0RB0LD_1LC1RB_1RA1LA_1LB1LA derive: no overflow chain (nested: no overflow phase at K=6) 25s
  105/2233 0RB0LD_1LC1RB_1RB1LA_1RC1LA OK 11s
  106/2233 0RB0LD_1LC1RC_1LD1RA_0RA1LC derive: no interior chain 12s
  107/2233 0RB0LD_1LC1RD_1RB1LC_0LC1RA OK 3s
  108/2233 0RB0LD_1LC1RC_1RB1LA_0RC1LD derive: no interior chain 12s
  109/2233 0RB0LD_1LC1RB_1RB1LA_1LB1LA derive: no overflow chain (nested: no overflow phase at K=6) 25s
  110/2233 0RB0LD_1RC0LA_1LB1RC_1RD0RC no anchor 13s
  111/2233 0RB0LD_1RC1RB_0LC1LD_0RB1LA derive: no interior chain 12s
  112/2233 0RB0LD_1RC1RB_0LD1LD_0RB1LA derive: no interior chain 12s
  113/2233 0RB0LD_1RC1RB_1LA1LC_0LC1LA no anchor 14s
  114/2233 0RB0LD_1RC0RC_1LD1RB_1LA1RD derive: no overflow chain (nested: no overflow phase at K=6) 29s
  115/2233 0RB0LD_1RC1RB_1LA1LC_0RA1LA no anchor 16s
  116/2233 0RB0LD_1RC1RB_1LA1LC_0RB1LA no anchor 14s
  117/2233 0RB0LD_1RC1RB_1LA1LC_0RC1LA no anchor 14s
  118/2233 0RB0LD_1RC1RB_1LA1LC_0RD1LA no anchor 14s
  119/2233 0RB0LD_1RC1RB_1LA1LC_1LA1LA no anchor 14s
  120/2233 0RB0LD_1RC1RB_1LA1LC_1LB1LA no anchor 14s
  121/2233 0RB0LD_1RC1RB_1LA1LC_1LC1LA no anchor 15s
  122/2233 0RB0LD_1RC1RB_1LA1LC_1RA1LA no anchor 15s
  123/2233 0RB0LD_1RC1RB_1LA1LC_1RB1LA no anchor 17s
  124/2233 0RB0LD_1RC1RB_1LA1LC_1RD1LA no anchor 15s
  125/2233 0RB0LD_1RC1RB_1LA1LD_0RB1LA derive: no interior chain 13s
  126/2233 0RB0LD_1RC1RB_1LC1LD_0RB1LA derive: no interior chain 12s
  127/2233 0RB0LD_1RC1RB_1LD1LC_0LB1LA no anchor 15s
  128/2233 0RB0LD_1RC1RB_1LD1LD_0RB1LA derive: no interior chain 13s
  129/2233 0RB0LD_1RC1RB_1LD1LC_0RB1LA no anchor 16s
  130/2233 0RB0LD_1RC1RB_1LD1RC_0LA1LA OK 11s
  131/2233 0RB0LD_1RC1RB_1LD1RC_1RC1LA OK 10s
  132/2233 0RB0LD_1RC1RB_1RD1RA_1LA0RC no anchor 14s
  133/2233 0RB0LD_1RC1RC_1LD1RC_1RB1LA OK 11s
  134/2233 0RB0LD_1RC1RC_1LD1RA_0RA1LC derive: no interior chain 12s
  135/2233 0RB0LD_1RC1RD_0LD1RB_1LB1LA no anchor 14s
  136/2233 0RB0RA_1RC0LD_1LB1RA_1LB1LD no anchor 12s
  137/2233 0RB0LD_1RC1RD_1LD1RB_1LB1LA no anchor 15s
  138/2233 0RB0RB_0LC1RA_1RB1LC_------ OK 3s
  139/2233 0RB0RB_0LC1RA_1LD1LC_1RB1RD no anchor 14s
  140/2233 0RB0RB_0LC1RD_1RB1LC_0LC1RA OK 4s
  141/2233 0RB0RB_0LC1RB_1LA1LD_1LC1RA derive: no interior chain 13s
  142/2233 0RB0RB_0LC1RC_1LD1RA_1RB1LD OK 12s
  143/2233 0RB0RB_0LC1RD_1RB1LC_1LB1RA OK 3s
  144/2233 0RB0RB_0LC1RD_1RB1LC_1RA0LB OK 3s
  145/2233 0RB0RB_0LC1RD_1RB1LC_1RA1RA OK 3s
  146/2233 0RB0RB_0LC1RD_1RB1LC_1LC1RA OK 10s
  147/2233 0RB0RB_1LA1RC_0LD1RA_1RB1LD OK 3s
  148/2233 0RB0RB_0LC1RD_1RB1LC_1RB1RA OK 10s
  149/2233 0RB0RB_0RC1LD_1LB1RC_0LB1LA OK 18s
  150/2233 0RB0RB_1LC1RA_1LD0LC_0RA1LB no anchor 12s
  151/2233 0RB0RB_1LC1RD_1RB1LC_0LC1RA OK 3s
  152/2233 0RB0RB_1LC1RB_1LD0LA_0RB0LC OK 18s
  153/2233 0RB0RB_1RC1RC_0LD1RA_1RB1LD OK 3s
  154/2233 0RB0RB_1LC1RC_1LD1RA_1RB0LD no anchor 14s
  155/2233 0RB0RC_1LC0LD_1RD1RC_1LB1LA no anchor 13s
  156/2233 0RB0RC_1LC0RD_0LD1RA_1RC1LD derive: no overflow chain (nested: no overflow phase at K=6) 29s
  157/2233 0RB0RC_1LC1RA_1LD0LB_1RC1LC no anchor 17s
  158/2233 0RB0RC_1LC1RA_0LD1RB_1RC1LD derive: no overflow chain (nested: no overflow phase at K=6) 29s
  159/2233 0RB0RC_1LC1RB_0RB1LD_0LC1LA OK 9s
  160/2233 0RB0RC_1RC0LD_1RD1RC_1LB1LA no anchor 13s
  161/2233 0RB0RC_1RC1LB_0LB1RD_0LA1RA OK 3s
  162/2233 0RB0RC_1LC1RB_0LD1RA_1RC1LD derive: no overflow chain (nested: no overflow phase at K=6) 26s
  163/2233 0RB0RC_1RC1LB_0LC1RD_0LB1RA OK 3s
  164/2233 0RB0RC_1RC1LB_0LB1RD_0LB1RA OK 4s
  165/2233 0RB0RC_1LC1RD_0LD1RA_1RC1LD derive: no overflow chain (nested: no overflow phase at K=6) 26s
  166/2233 0RB0RC_1RC1LD_0LB1RC_1LB1LA derive: no overflow chain (nested: no inner family at pow2 j) 15s
  167/2233 0RB0RC_1RC1LD_0LD1RC_1LB1LA OK 3s
  168/2233 0RB0RC_1RC1LB_1LD1RD_0LB1RA derive: no overflow chain (nested: no overflow phase at K=6) 26s
  169/2233 0RB0RC_1RC1LB_0LD1RA_1LB1RD derive: no overflow chain (nested: no overflow phase at K=6) 27s
  170/2233 0RB0RC_1RC1LD_1RD1RA_1LB1LC no anchor 14s
  171/2233 0RB0RC_1RC1RB_1LD1RA_0RB1LC no anchor 14s
  172/2233 0RB0RC_1RC1RB_0LD1RA_1LB1LD no anchor 16s
  173/2233 0RB0RD_0LC1RA_1RD1LC_0LC1RB OK 3s
  174/2233 0RB0RD_0LC1RA_1RD1LC_1LA1RB OK 3s
  175/2233 0RB0RD_0LC1RA_1LA1LB_1LB1RD no anchor 14s
  176/2233 0RB0RD_0LC1RA_1RD1LC_1LC1RB OK 5s
  177/2233 0RB0RD_0LC1RA_1RD1LC_1RB1RB OK 4s
  178/2233 0RB0RD_1LC1RA_1LA1LB_0LC1RD derive: no interior chain 12s
  179/2233 0RB0RD_1LC0RD_1LA1LB_1RB1RA no anchor 14s
  180/2233 0RB0RD_1LA1RC_1RD1LC_0LC1RA derive: no overflow chain (nested: no overflow phase at K=6) 26s
  181/2233 0RB0RD_1LC1RA_1RD0LC_1LB1RB no anchor 14s
