0RB1LA_0LC1RD_0RD1LD_1RB0LA None None None None None None
0RB0LB_1LC0RD_1LA0LA_1LB1RB None None None None None None
0RB0LC_1LC1RB_1LD1LA_1RD0RC [[2, 1, 'R', ''], [1, 1, 'R', '01']] ['01', '11'] {'[2, 1, "R", ""]': '1', '[1, 1, "R", "01"]': '1'} {'[1, 1, "R", "01"]': [1, [2, 1, 'R', '']], '[2, 1, "R", ""]': [1, [1, 1, 'R', '01']]} 56039 56040
0RB1LA_1LC1RD_0RA1LD_1RB0LA None None None None None None
0RB1LA_1LC1RD_0RB1LD_1RB0LA None None None None None None
0RB1LA_1LC1RD_1LA1LD_1RB0LA None None None None None None
0RB1LA_1LC1RD_1RA1LD_1RB0LA None None None None None None
0RB1LA_1LC1RD_1RB0LD_1RB0LA None None None None None None
0RB1LA_1LC1RD_1RD1LD_1RB0LA None None None None None None
0RB1LA_1RC0LA_1LA1RD_1LA1RB None None None None None None
0RB1LA_1RC0LA_1LD1RB_---1LB None None None None None None
0RB1LB_1RC0LD_0LA1RB_0RC1LD None None None None None None
0RB1LB_1RC0LD_1LA1RB_0RB1LD None None None None None None
0RB1LC_0LC1RC_1LA0RD_0LA1RD None None None None None None
0RB1LC_0RC1LB_1RD0LB_1LA1RC None None None None None None
0RB1LC_1LA0RC_1LD1RB_1LA0LD None None None None None None
0RB1LC_1LA1RC_1RB0LD_0RB1LD None None None None None None
0RB1LC_1LA1RB_0LD0LA_1RD0RB None None None None None None
0RB1LC_1LA1RC_1RB0LD_0RC1LD None None None None None None
0RB1LD_0RC1LB_1LA1RD_1RC0LB None None None None None None
0RB1LD_1LA1RC_1RD1RB_1LB0LA None None None None None None
0RB1RB_1LC0RD_1RA1LB_0LB1RD None None None None None None
0RB1RC_0LC1RB_1LD0RB_1RA1LC None None None None None None
0RB1LD_1LC1RB_1RA1LA_1LB0LC None None None None None None
1RB0LD_0LC1RA_0RA1LA_0RB1LD None None None None None None
1RB0LC_0LA1RC_1RD1LA_1RB0RD None None None None None None
1RB0LD_0LC1RA_0RC1LA_0RB1LD None None None None None None
1RB0LD_1LC1RA_---1LA_0RA1LD None None None None None None
1RB0LD_1LC1RA_0RB1LA_0RB1LD None None None None None None
1RB0LD_1LC1RA_0RD1LA_0RB1LD None None None None None None
1RB0LD_1LC1RA_1LD1LA_0RB1LD None None None None None None
1RB0LD_1LC1RA_1RA1LA_0RB1LD None None None None None None
1RB0LD_1LC1RA_1RD1LA_0RB1LD None None None None None None
1RB0LD_1RC0RC_0LA0RA_1RA1LA None None None None None None
1RB0LD_1RC1RB_0LA0RA_1RA1LA None None None None None None
1RB0RA_0LC1RD_1RB0LD_1RA1LC None None None None None None
1RB0RB_0LC0RC_1RA0LD_1RC1LC None None None None None None
1RB0RC_1RC1LB_1LD1RD_0LB1RA None None None None None None
1RB0RC_1RC1LD_0LB1RA_1LA1LB None None None None None None
1RB0RD_1LB1LC_1RC0RA_0LB1RD None None None None None None
1RB0RD_1LC1RA_0RB0LC_1LD0LA None None None None None None
1RB1LA_0LA1RC_0RD0RB_1LD0LA None None None None None None
1RB1LA_1LC1RC_0LA1RD_1RA0RB None None None None None None
1RB1LB_1LC0RD_1RD1LA_0LB1RD None None None None None None
1RB1LA_1RC1RD_1LC0LB_0LA0RB [[1, 1, 'L', ''], [0, 1, 'L', '01']] ['01', '11'] {'[1, 1, "L", ""]': '1', '[0, 1, "L", "01"]': '1'} {'[0, 1, "L", "01"]': [1, [1, 1, 'L', '']], '[1, 1, "L", ""]': [1, [0, 1, 'L', '01']]} 56039 56040
1RB1LB_1RC0LA_1RD0RD_0LB0RB None None None None None None
1RB1LB_1RC0LA_1RD1RC_0LB0RB None None None None None None
1RB1LB_1RC0LD_1LA1RB_0RB1LD None None None None None None
1RB1LB_1RC0LD_1LA1RB_0RC1LD None None None None None None
1RB1LC_0LA1RC_1LA0RD_0LA1RD None None None None None None
1RB1LC_0LA1RC_1LA0RD_0LC1RD None None None None None None
